


ARM Macro Assembler    Page 1 


    1 00000000         
    2 00000000                 GLOBAL           LED_Setup
    3 00000000                 AREA             lab8_1, CODE, READONLY
    4 00000000         LED_Setup
    5 00000000         
    6 00000000 E002C000 
                       PINSEL0 equ              0xE002C000
    7 00000000 E0028000 
                       IO0PIN  equ              0xE0028000
    8 00000000 E0028004 
                       IO0SET  equ              0xE0028004
    9 00000000 E0028008 
                       IO0DIR  equ              0xE0028008
   10 00000000 E002800C 
                       IO0CLR  equ              0xE002800C
   11 00000000         
   12 00000000         
   13 00000000 E59F0034        ldr              R0,=PINSEL0
   14 00000004 E5901000        ldr              R1, [R0]    ;set GPIO
   15 00000008 E3A02CFF        ldr              R2,=0xFF00
   16 0000000C E0022001        and              R2, R2, R1
   17 00000010 E5802000        str              R2, [R0]
   18 00000014         
   19 00000014 E59F0024        ldr              R0,=IO0DIR  ;setting direction 
                                                            as outward
   20 00000018 E5901000        ldr              R1, [R0]
   21 0000001C E3A02CFF        ldr              R2,=0xFF00
   22 00000020 E1822001        orr              R2, R2, R1
   23 00000024 E5802000        str              R2, [R0]
   24 00000028         
   25 00000028 E59F0014        ldr              R0,=IO0SET  ;output
   26 0000002C E3A02CFF        ldr              R2,=0xFF00
   27 00000030 E5802000        str              R2, [R0]
   28 00000034         
   29 00000034 E8BD0003        ldmia            sp!, {R0,R1}
   30 00000038 E12FFF1E        bx               lr
   31 0000003C                 END
              E002C000 
              E0028008 
              E0028004 
Command Line: --debug --xref --apcs=interwork --depend=.\lab8_1.d -o.\lab8_1.o 
-IC:\Keil\ARM\RV31\INC -IC:\Keil\ARM\CMSIS\Include -IC:\Keil\ARM\Inc\Philips --
predefine="__EVAL SETA 1" --list=.\lab8_1.lst lab8_1.s



ARM Macro Assembler    Page 1 Alphabetic symbol ordering
Relocatable symbols

LED_Setup 00000000

Symbol: LED_Setup
   Definitions
      At line 4 in file lab8_1.s
   Uses
      At line 2 in file lab8_1.s
Comment: LED_Setup used once
lab8_1 00000000

Symbol: lab8_1
   Definitions
      At line 3 in file lab8_1.s
   Uses
      None
Comment: lab8_1 unused
2 symbols



ARM Macro Assembler    Page 1 Alphabetic symbol ordering
Absolute symbols

IO0CLR E002800C

Symbol: IO0CLR
   Definitions
      At line 10 in file lab8_1.s
   Uses
      None
Comment: IO0CLR unused
IO0DIR E0028008

Symbol: IO0DIR
   Definitions
      At line 9 in file lab8_1.s
   Uses
      At line 19 in file lab8_1.s
Comment: IO0DIR used once
IO0PIN E0028000

Symbol: IO0PIN
   Definitions
      At line 7 in file lab8_1.s
   Uses
      None
Comment: IO0PIN unused
IO0SET E0028004

Symbol: IO0SET
   Definitions
      At line 8 in file lab8_1.s
   Uses
      At line 25 in file lab8_1.s
Comment: IO0SET used once
PINSEL0 E002C000

Symbol: PINSEL0
   Definitions
      At line 6 in file lab8_1.s
   Uses
      At line 13 in file lab8_1.s
Comment: PINSEL0 used once
5 symbols
340 symbols in table
