ARM Linker, 5.03 [Build 76] [MDK-ARM Lite]

==============================================================================

Section Cross References

    lab8.o(lab8) refers to lab8_1.o(lab8_1) for LED_Setup
    lab8.o(lab8) refers to lab8_2.o(lab8_2) for LED_ON
    lab8_2.o(lab8_2) refers to lab8_4.o(lab8_4) for delay


==============================================================================

Image Symbol Table

    Local Symbols

    Symbol Name                              Value     Ov Type        Size  Object(Section)

    lab8                                     0x00000000   Section       12  lab8.o(lab8)
    lab8.s                                   0x00000000   Number         0  lab8.o ABSOLUTE
    lab8_1.s                                 0x00000000   Number         0  lab8_1.o ABSOLUTE
    lab8_2.s                                 0x00000000   Number         0  lab8_2.o ABSOLUTE
    lab8_4.s                                 0x00000000   Number         0  lab8_4.o ABSOLUTE
    lab8_1                                   0x0000000c   Section       72  lab8_1.o(lab8_1)
    lab8_2                                   0x00000054   Section       88  lab8_2.o(lab8_2)
    lab8_4                                   0x000000ac   Section       28  lab8_4.o(lab8_4)

    Global Symbols

    Symbol Name                              Value     Ov Type        Size  Object(Section)

    BuildAttributes$$THM_ISAv1$ARM_ISAv4$S$PE$A:L22$X:L11$S22$IEEE1$IW$USESV6$~STKCKD$USESV7$~SHL$OSPACE$EBA8$STANDARDLIB$PRES8$EABIv2 0x00000000   Number         0  anon$$obj.o ABSOLUTE
    user_code                                0x00000000   ARM Code       0  lab8.o(lab8)
    LED_Setup                                0x0000000c   ARM Code       0  lab8_1.o(lab8_1)
    LED_ON                                   0x00000054   ARM Code       0  lab8_2.o(lab8_2)
    delay                                    0x000000ac   ARM Code       0  lab8_4.o(lab8_4)



==============================================================================

Memory Map of the image

  Image Entry point : 0x00000000

  Load Region LR_1 (Base: 0x00000000, Size: 0x000000c8, Max: 0xffffffff, ABSOLUTE)

    Execution Region ER_RO (Base: 0x00000000, Size: 0x000000c8, Max: 0xffffffff, ABSOLUTE)

    Base Addr    Size         Type   Attr      Idx    E Section Name        Object

    0x00000000   0x0000000c   Code   RO            1  * lab8                lab8.o
    0x0000000c   0x00000048   Code   RO            6    lab8_1              lab8_1.o
    0x00000054   0x00000058   Code   RO            9    lab8_2              lab8_2.o
    0x000000ac   0x0000001c   Code   RO           12    lab8_4              lab8_4.o


    Execution Region ER_RW (Base: 0x40000000, Size: 0x00000000, Max: 0xffffffff, ABSOLUTE)

    **** No section assigned to this execution region ****


    Execution Region ER_ZI (Base: 0x40000000, Size: 0x00000000, Max: 0xffffffff, ABSOLUTE)

    **** No section assigned to this execution region ****


==============================================================================

Image component sizes


      Code (inc. data)   RO Data    RW Data    ZI Data      Debug   Object Name

        12          0          0          0          0        172   lab8.o
        72         12          0          0          0        160   lab8_1.o
        88          8          0          0          0        164   lab8_2.o
        28          4          0          0          0        152   lab8_4.o

    ----------------------------------------------------------------------
       200         24          0          0          0        648   Object Totals
         0          0          0          0          0          0   (incl. Generated)
         0          0          0          0          0          0   (incl. Padding)

    ----------------------------------------------------------------------
         0          0          0          0          0          0   Library Totals
         0          0          0          0          0          0   (incl. Padding)

    ----------------------------------------------------------------------

==============================================================================


      Code (inc. data)   RO Data    RW Data    ZI Data      Debug   

       200         24          0          0          0        648   Grand Totals
       200         24          0          0          0        648   ELF Image Totals
       200         24          0          0          0          0   ROM Totals

==============================================================================

    Total RO  Size (Code + RO Data)                  200 (   0.20kB)
    Total RW  Size (RW Data + ZI Data)                 0 (   0.00kB)
    Total ROM Size (Code + RO Data + RW Data)        200 (   0.20kB)

==============================================================================

